
> react-app@0.0.0 build
> vite build

[36mvite v7.3.1 [32mbuilding client environment for production...[36m[39m
transforming...
[32mÔ£ô[39m 83 modules transformed.
rendering chunks...
computing gzip size...
[2mdist/[22m[32mindex.html                 [39m[1m[2m  0.51 kB[22m[1m[22m[2m Ôöé gzip:  0.31 kB[22m
[2mdist/[22m[35massets/index-DyIGDGhF.css  [39m[1m[2m 22.21 kB[22m[1m[22m[2m Ôöé gzip:  4.65 kB[22m
[2mdist/[22m[36massets/index-C7KrEkAt.js   [39m[1m[2m300.68 kB[22m[1m[22m[2m Ôöé gzip: 94.10 kB[22m
[32mÔ£ô built in 2.53s[39m
